<!DOCTYPE html>
<html>
<head>
    <meta charset="utf-8" />
    <meta name="viewport" content="width=device-width, initial-scale=1.0" />
    <title>Product Banana Holder - WebApp</title>

    
        <link rel="stylesheet" href="/lib/bootstrap/dist/css/bootstrap.css" />
        <link rel="stylesheet" href="/css/site.css" />
    
    
</head>
<body>
    <nav class="navbar navbar-inverse navbar-fixed-top">
        <div class="container">
            <div class="navbar-header">
                <button type="button" class="navbar-toggle" data-toggle="collapse" data-target=".navbar-collapse">
                    <span class="sr-only">Toggle navigation</span>
                    <span class="icon-bar"></span>
                    <span class="icon-bar"></span>
                    <span class="icon-bar"></span>
                </button>
                <a class="navbar-brand" href="/">WebApp</a>
            </div>
            <div class="navbar-collapse collapse">
                <ul class="nav navbar-nav">
                    <li><a href="/">Home</a></li>
                </ul>
            </div>
        </div>
    </nav>
    <div class="container body-content">
        

<h2>Banana Holder Details</h2>

<div class="panel panel-default">
    <div class="panel-heading">
        <h3 class="panel-title">Outdoor travel cute banana protector storage box</h3>
    </div>
    <div class="panel-body">
        <div>Price: 10</div>
        <div>Shipping Options: Express Delivery, Regular mail</div>
        <div>Inventory, out of stock: False (4)</div>
    </div>

</div>
        <hr />
        <footer>
            <p>&copy; 2019 - WebApp</p>
        </footer>
    </div>

    
        <script src="/lib/jquery/dist/jquery.js"></script>
        <script src="/lib/bootstrap/dist/js/bootstrap.js"></script>
        <script src="/js/site.js?v=|version-scrubbed|"></script>
    
    

    
</body>
</html>
